/Users/jreye/Documents/greenhouse-eo/ai-generations/2026-09-17_efeonce-logo-3d/blender/render_logo.py:67: DeprecationWarning: 'Material.use_nodes' is expected to be removed in Blender 6.0
  mat = bpy.data.materials.new('laca'); mat.use_nodes = True
/Users/jreye/Documents/greenhouse-eo/ai-generations/2026-09-17_efeonce-logo-3d/blender/render_logo.py:80: DeprecationWarning: 'World.use_nodes' is expected to be removed in Blender 6.0
  world = bpy.data.worlds.new('estudio'); scene.world = world; world.use_nodes = True
00:15.728  render           | Saved: 'render/monumental-navy/efeonce-logo-3d-navy-monumental-01-frente-nivel-calle-luz-izq-transparente.png'
00:28.783  render           | Saved: 'render/monumental-navy/efeonce-logo-3d-navy-monumental-01-frente-nivel-calle-luz-der-transparente.png'
00:41.163  render           | Saved: 'render/monumental-navy/efeonce-logo-3d-navy-monumental-02-contrapicado-frente-luz-izq-transparente.png'
00:53.652  render           | Saved: 'render/monumental-navy/efeonce-logo-3d-navy-monumental-02-contrapicado-frente-luz-der-transparente.png'
01:07.362  render           | Saved: 'render/monumental-navy/efeonce-logo-3d-navy-monumental-03-tres-cuartos-izquierda-calle-luz-izq-transparente.png'
01:22.353  render           | Saved: 'render/monumental-navy/efeonce-logo-3d-navy-monumental-03-tres-cuartos-izquierda-calle-luz-der-transparente.png'
01:35.979  render           | Saved: 'render/monumental-navy/efeonce-logo-3d-navy-monumental-04-tres-cuartos-derecha-calle-luz-izq-transparente.png'
01:50.403  render           | Saved: 'render/monumental-navy/efeonce-logo-3d-navy-monumental-04-tres-cuartos-derecha-calle-luz-der-transparente.png'
02:04.665  render           | Saved: 'render/monumental-navy/efeonce-logo-3d-navy-monumental-05-contrapicado-tres-cuartos-izquierda-luz-izq-transparente.png'
02:20.580  render           | Saved: 'render/monumental-navy/efeonce-logo-3d-navy-monumental-05-contrapicado-tres-cuartos-izquierda-luz-der-transparente.png'
02:42.708  render           | Saved: 'render/monumental-navy/efeonce-logo-3d-navy-monumental-06-contrapicado-tres-cuartos-derecha-luz-izq-transparente.png'
03:00.318  render           | Saved: 'render/monumental-navy/efeonce-logo-3d-navy-monumental-06-contrapicado-tres-cuartos-derecha-luz-der-transparente.png'
03:13.583  render           | Saved: 'render/monumental-navy/efeonce-logo-3d-navy-monumental-07-teleobjetivo-lejos-luz-izq-transparente.png'
03:28.377  render           | Saved: 'render/monumental-navy/efeonce-logo-3d-navy-monumental-07-teleobjetivo-lejos-luz-der-transparente.png'
03:41.983  render           | Saved: 'render/monumental-navy/efeonce-logo-3d-navy-monumental-08-picado-desde-edificio-luz-izq-transparente.png'
03:57.079  render           | Saved: 'render/monumental-navy/efeonce-logo-3d-navy-monumental-08-picado-desde-edificio-luz-der-transparente.png'
04:15.083  render           | Saved: 'render/monumental-navy/efeonce-logo-3d-navy-monumental-09-dron-picado-luz-izq-transparente.png'
04:30.894  render           | Saved: 'render/monumental-navy/efeonce-logo-3d-navy-monumental-09-dron-picado-luz-der-transparente.png'
OK efeonce-logo-3d-navy-monumental-01-frente-nivel-calle-luz-izq
OK efeonce-logo-3d-navy-monumental-01-frente-nivel-calle-luz-der
OK efeonce-logo-3d-navy-monumental-02-contrapicado-frente-luz-izq
OK efeonce-logo-3d-navy-monumental-02-contrapicado-frente-luz-der
OK efeonce-logo-3d-navy-monumental-03-tres-cuartos-izquierda-calle-luz-izq
OK efeonce-logo-3d-navy-monumental-03-tres-cuartos-izquierda-calle-luz-der
OK efeonce-logo-3d-navy-monumental-04-tres-cuartos-derecha-calle-luz-izq
OK efeonce-logo-3d-navy-monumental-04-tres-cuartos-derecha-calle-luz-der
OK efeonce-logo-3d-navy-monumental-05-contrapicado-tres-cuartos-izquierda-luz-izq
OK efeonce-logo-3d-navy-monumental-05-contrapicado-tres-cuartos-izquierda-luz-der
OK efeonce-logo-3d-navy-monumental-06-contrapicado-tres-cuartos-derecha-luz-izq
OK efeonce-logo-3d-navy-monumental-06-contrapicado-tres-cuartos-derecha-luz-der
OK efeonce-logo-3d-navy-monumental-07-teleobjetivo-lejos-luz-izq
OK efeonce-logo-3d-navy-monumental-07-teleobjetivo-lejos-luz-der
OK efeonce-logo-3d-navy-monumental-08-picado-desde-edificio-luz-izq
OK efeonce-logo-3d-navy-monumental-08-picado-desde-edificio-luz-der
OK efeonce-logo-3d-navy-monumental-09-dron-picado-luz-izq
OK efeonce-logo-3d-navy-monumental-09-dron-picado-luz-der
Blender 5.1.2 (hash ec6e62d40fa9 built 2026-05-19 01:30:33)

Blender quit
/Users/jreye/Documents/greenhouse-eo/ai-generations/2026-09-17_efeonce-logo-3d/blender/render_logo.py:67: DeprecationWarning: 'Material.use_nodes' is expected to be removed in Blender 6.0
  mat = bpy.data.materials.new('laca'); mat.use_nodes = True
/Users/jreye/Documents/greenhouse-eo/ai-generations/2026-09-17_efeonce-logo-3d/blender/render_logo.py:80: DeprecationWarning: 'World.use_nodes' is expected to be removed in Blender 6.0
  world = bpy.data.worlds.new('estudio'); scene.world = world; world.use_nodes = True
00:14.665  render           | Saved: 'render/monumental-navy/efeonce-logo-3d-navy-monumental-03-tres-cuartos-izquierda-calle-luz-izq-transparente.png'
00:27.768  render           | Saved: 'render/monumental-navy/efeonce-logo-3d-navy-monumental-03-tres-cuartos-izquierda-calle-luz-der-transparente.png'
OK efeonce-logo-3d-navy-monumental-03-tres-cuartos-izquierda-calle-luz-izq
OK efeonce-logo-3d-navy-monumental-03-tres-cuartos-izquierda-calle-luz-der
Blender 5.1.2 (hash ec6e62d40fa9 built 2026-05-19 01:30:33)

Blender quit
/Users/jreye/Documents/greenhouse-eo/ai-generations/2026-09-17_efeonce-logo-3d/blender/render_logo.py:67: DeprecationWarning: 'Material.use_nodes' is expected to be removed in Blender 6.0
  mat = bpy.data.materials.new('laca'); mat.use_nodes = True
/Users/jreye/Documents/greenhouse-eo/ai-generations/2026-09-17_efeonce-logo-3d/blender/render_logo.py:80: DeprecationWarning: 'World.use_nodes' is expected to be removed in Blender 6.0
  world = bpy.data.worlds.new('estudio'); scene.world = world; world.use_nodes = True
00:11.790  render           | Saved: 'render/monumental-navy/efeonce-logo-3d-navy-monumental-04-tres-cuartos-derecha-calle-luz-izq-transparente.png'
00:25.095  render           | Saved: 'render/monumental-navy/efeonce-logo-3d-navy-monumental-04-tres-cuartos-derecha-calle-luz-der-transparente.png'
OK efeonce-logo-3d-navy-monumental-04-tres-cuartos-derecha-calle-luz-izq
OK efeonce-logo-3d-navy-monumental-04-tres-cuartos-derecha-calle-luz-der
Blender 5.1.2 (hash ec6e62d40fa9 built 2026-05-19 01:30:33)

Blender quit
