/Users/jreye/Documents/greenhouse-eo/ai-generations/2026-09-25_efeonce-studio-props/exploracion-v5/render-tazas.py:25: DeprecationWarning: 'World.use_nodes' is expected to be removed in Blender 6.0
  scene.world.use_nodes=True
/Users/jreye/Documents/greenhouse-eo/ai-generations/2026-09-25_efeonce-studio-props/exploracion-v5/render-tazas.py:33: DeprecationWarning: 'Material.use_nodes' is expected to be removed in Blender 6.0
  m=bpy.data.materials.new(name);m.use_nodes=True
00:05.007  render           | Saved: '/Users/jreye/Documents/greenhouse-eo/ai-generations/2026-09-25_efeonce-studio-props/exploracion-v5/renders/f-globe/01-frente.png'
00:08.531  render           | Saved: '/Users/jreye/Documents/greenhouse-eo/ai-generations/2026-09-25_efeonce-studio-props/exploracion-v5/renders/f-globe/02-tres-cuartos.png'
00:11.809  render           | Saved: '/Users/jreye/Documents/greenhouse-eo/ai-generations/2026-09-25_efeonce-studio-props/exploracion-v5/renders/f-globe/05-perfil.png'
00:15.181  render           | Saved: '/Users/jreye/Documents/greenhouse-eo/ai-generations/2026-09-25_efeonce-studio-props/exploracion-v5/renders/f-globe/06-reverso.png'
00:18.548  render           | Saved: '/Users/jreye/Documents/greenhouse-eo/ai-generations/2026-09-25_efeonce-studio-props/exploracion-v5/renders/f-wave/01-frente.png'
00:22.034  render           | Saved: '/Users/jreye/Documents/greenhouse-eo/ai-generations/2026-09-25_efeonce-studio-props/exploracion-v5/renders/f-wave/02-tres-cuartos.png'
00:25.772  render           | Saved: '/Users/jreye/Documents/greenhouse-eo/ai-generations/2026-09-25_efeonce-studio-props/exploracion-v5/renders/f-wave/05-perfil.png'
00:30.070  render           | Saved: '/Users/jreye/Documents/greenhouse-eo/ai-generations/2026-09-25_efeonce-studio-props/exploracion-v5/renders/f-wave/06-reverso.png'
00:34.898  render           | Saved: '/Users/jreye/Documents/greenhouse-eo/ai-generations/2026-09-25_efeonce-studio-props/exploracion-v5/renders/f-reach/01-frente.png'
00:40.333  render           | Saved: '/Users/jreye/Documents/greenhouse-eo/ai-generations/2026-09-25_efeonce-studio-props/exploracion-v5/renders/f-reach/02-tres-cuartos.png'
00:44.183  render           | Saved: '/Users/jreye/Documents/greenhouse-eo/ai-generations/2026-09-25_efeonce-studio-props/exploracion-v5/renders/f-reach/05-perfil.png'
00:47.862  render           | Saved: '/Users/jreye/Documents/greenhouse-eo/ai-generations/2026-09-25_efeonce-studio-props/exploracion-v5/renders/f-reach/06-reverso.png'
00:51.367  render           | Saved: '/Users/jreye/Documents/greenhouse-eo/ai-generations/2026-09-25_efeonce-studio-props/exploracion-v5/renders/f-wave-color/01-frente.png'
00:54.743  render           | Saved: '/Users/jreye/Documents/greenhouse-eo/ai-generations/2026-09-25_efeonce-studio-props/exploracion-v5/renders/f-wave-color/02-tres-cuartos.png'
00:57.930  render           | Saved: '/Users/jreye/Documents/greenhouse-eo/ai-generations/2026-09-25_efeonce-studio-props/exploracion-v5/renders/f-wave-color/05-perfil.png'
01:01.961  render           | Saved: '/Users/jreye/Documents/greenhouse-eo/ai-generations/2026-09-25_efeonce-studio-props/exploracion-v5/renders/f-wave-color/06-reverso.png'
01:06.835  render           | Saved: '/Users/jreye/Documents/greenhouse-eo/ai-generations/2026-09-25_efeonce-studio-props/exploracion-v5/renders/f-reach-color/01-frente.png'
01:13.079  render           | Saved: '/Users/jreye/Documents/greenhouse-eo/ai-generations/2026-09-25_efeonce-studio-props/exploracion-v5/renders/f-reach-color/02-tres-cuartos.png'
01:17.421  render           | Saved: '/Users/jreye/Documents/greenhouse-eo/ai-generations/2026-09-25_efeonce-studio-props/exploracion-v5/renders/f-reach-color/05-perfil.png'
01:21.013  render           | Saved: '/Users/jreye/Documents/greenhouse-eo/ai-generations/2026-09-25_efeonce-studio-props/exploracion-v5/renders/f-reach-color/06-reverso.png'
01:25.883  render           | Saved: '/Users/jreye/Documents/greenhouse-eo/ai-generations/2026-09-25_efeonce-studio-props/exploracion-v5/renders/f-globe-color/01-frente.png'
01:29.694  render           | Saved: '/Users/jreye/Documents/greenhouse-eo/ai-generations/2026-09-25_efeonce-studio-props/exploracion-v5/renders/f-globe-color/02-tres-cuartos.png'
01:33.851  render           | Saved: '/Users/jreye/Documents/greenhouse-eo/ai-generations/2026-09-25_efeonce-studio-props/exploracion-v5/renders/f-globe-color/05-perfil.png'
01:39.363  render           | Saved: '/Users/jreye/Documents/greenhouse-eo/ai-generations/2026-09-25_efeonce-studio-props/exploracion-v5/renders/f-globe-color/06-reverso.png'
RENDER_FINISHED
Blender 5.1.2 (hash ec6e62d40fa9 built 2026-05-19 01:30:33)

Blender quit
