objc[9073]: Class GNotificationCenterDelegate is implemented in both /Users/jreye/Documents/greenhouse-eo/node_modules/@img/sharp-libvips-darwin-arm64/lib/libvips-cpp.8.17.3.dylib (0x138bcd978) and /Users/jreye/Documents/greenhouse-eo/node_modules/@imgly/background-removal-node/node_modules/sharp/vendor/8.14.5/darwin-arm64v8/lib/libvips-cpp.42.dylib (0x13ac49a40). This may cause spurious casting failures and mysterious crashes. One of the duplicates must be removed or renamed.
S01-A contraste {"entrada":19.16,"dominante":19.03,"cierre-frase":18.88,"cta":18.9,"descriptor":19.34,"logo":19.17} gaps [{"entre":"entrada→dominante","px":25,"ratioDominante":0.227},{"entre":"dominante→cierre","px":25,"ratioDominante":0.227}]
S01-B contraste {"entrada":19.16,"dominante":19.03,"cierre-frase":18.88,"cta":18.9,"descriptor":19.34,"logo":19.17} gaps [{"entre":"entrada→dominante","px":25,"ratioDominante":0.227},{"entre":"dominante→cierre","px":25,"ratioDominante":0.227}]
S01-C contraste {"entrada":19.16,"dominante":19.03,"cierre-frase":18.88,"cta":18.9,"descriptor":19.34,"logo":19.17} gaps [{"entre":"entrada→dominante","px":25,"ratioDominante":0.227},{"entre":"dominante→cierre","px":25,"ratioDominante":0.227}]
S01-D contraste {"entrada":19.16,"dominante":19.03,"cierre-frase":18.88,"cta":14.89,"cta_superficie_vs_escena":18.91,"descriptor":19.34,"logo":19.17} gaps [{"entre":"entrada→dominante","px":25,"ratioDominante":0.227},{"entre":"dominante→cierre","px":25,"ratioDominante":0.227}]
S01-E contraste {"entrada":19.15,"dominante":19.03,"cierre-frase":18.88,"cta":14.52,"descriptor":19.3,"logo":19.17} gaps [{"entre":"entrada→dominante","px":25,"ratioDominante":0.227},{"entre":"dominante→cierre","px":25,"ratioDominante":0.227}]
S03-A contraste {"entrada":19.3,"dominante":19.27,"cierre-frase":19.46,"cta":19.46,"descriptor":19.57,"logo":19.13} gaps [{"entre":"entrada→dominante","px":25,"ratioDominante":0.227},{"entre":"dominante→cierre","px":25,"ratioDominante":0.227}]
S03-B contraste {"entrada":19.3,"dominante":19.27,"cierre-frase":19.46,"cta":19.46,"descriptor":19.57,"logo":19.13} gaps [{"entre":"entrada→dominante","px":25,"ratioDominante":0.227},{"entre":"dominante→cierre","px":25,"ratioDominante":0.227}]
S03-C contraste {"entrada":19.3,"dominante":19.27,"cierre-frase":19.46,"cta":19.46,"descriptor":19.57,"logo":19.13} gaps [{"entre":"entrada→dominante","px":25,"ratioDominante":0.227},{"entre":"dominante→cierre","px":25,"ratioDominante":0.227}]
S03-D contraste {"entrada":19.3,"dominante":19.27,"cierre-frase":19.46,"cta":14.89,"cta_superficie_vs_escena":19.46,"descriptor":19.57,"logo":19.13} gaps [{"entre":"entrada→dominante","px":25,"ratioDominante":0.227},{"entre":"dominante→cierre","px":25,"ratioDominante":0.227}]
S03-E contraste {"entrada":19.31,"dominante":19.28,"cierre-frase":19.47,"cta":14.94,"descriptor":19.56,"logo":19.13} gaps [{"entre":"entrada→dominante","px":25,"ratioDominante":0.227},{"entre":"dominante→cierre","px":25,"ratioDominante":0.227}]
S05-A contraste {"entrada":19.77,"dominante":19.81,"cierre-frase":19.78,"cta":20.04,"descriptor":20.28,"logo":19.39} gaps [{"entre":"entrada→dominante","px":25,"ratioDominante":0.227},{"entre":"dominante→cierre","px":25,"ratioDominante":0.227}]
S05-B contraste {"entrada":19.77,"dominante":19.81,"cierre-frase":19.78,"cta":20.04,"descriptor":20.28,"logo":19.39} gaps [{"entre":"entrada→dominante","px":25,"ratioDominante":0.227},{"entre":"dominante→cierre","px":25,"ratioDominante":0.227}]
S05-C contraste {"entrada":19.77,"dominante":19.81,"cierre-frase":19.78,"cta":20.04,"descriptor":20.28,"logo":19.39} gaps [{"entre":"entrada→dominante","px":25,"ratioDominante":0.227},{"entre":"dominante→cierre","px":25,"ratioDominante":0.227}]
S05-D contraste {"entrada":19.77,"dominante":19.81,"cierre-frase":19.78,"cta":14.89,"cta_superficie_vs_escena":20.04,"descriptor":20.28,"logo":19.39} gaps [{"entre":"entrada→dominante","px":25,"ratioDominante":0.227},{"entre":"dominante→cierre","px":25,"ratioDominante":0.227}]
S05-E contraste {"entrada":19.71,"dominante":19.8,"cierre-frase":19.72,"cta":15.39,"descriptor":20.24,"logo":19.39} gaps [{"entre":"entrada→dominante","px":25,"ratioDominante":0.227},{"entre":"dominante→cierre","px":25,"ratioDominante":0.227}]
S06-A contraste {"entrada":19.13,"dominante":19.27,"cierre-frase":19.28,"cta":19.42,"descriptor":19.41,"logo":18.63} gaps [{"entre":"entrada→dominante","px":25,"ratioDominante":0.227},{"entre":"dominante→cierre","px":25,"ratioDominante":0.227}]
S06-B contraste {"entrada":19.13,"dominante":19.27,"cierre-frase":19.28,"cta":19.42,"descriptor":19.41,"logo":18.63} gaps [{"entre":"entrada→dominante","px":25,"ratioDominante":0.227},{"entre":"dominante→cierre","px":25,"ratioDominante":0.227}]
S06-C contraste {"entrada":19.13,"dominante":19.27,"cierre-frase":19.28,"cta":19.42,"descriptor":19.41,"logo":18.63} gaps [{"entre":"entrada→dominante","px":25,"ratioDominante":0.227},{"entre":"dominante→cierre","px":25,"ratioDominante":0.227}]
S06-D contraste {"entrada":19.13,"dominante":19.27,"cierre-frase":19.28,"cta":14.89,"cta_superficie_vs_escena":19.4,"descriptor":19.41,"logo":18.63} gaps [{"entre":"entrada→dominante","px":25,"ratioDominante":0.227},{"entre":"dominante→cierre","px":25,"ratioDominante":0.227}]
S06-E contraste {"entrada":19.13,"dominante":19.28,"cierre-frase":19.3,"cta":14.91,"descriptor":19.41,"logo":18.63} gaps [{"entre":"entrada→dominante","px":25,"ratioDominante":0.227},{"entre":"dominante→cierre","px":25,"ratioDominante":0.227}]
S02-A contraste {"entrada":18.55,"dominante":18.69,"cierre-frase":18.85,"cta":18.96,"descriptor":19.23,"logo":19.74} gaps [{"entre":"entrada→dominante","px":25,"ratioDominante":0.227},{"entre":"dominante→cierre","px":25,"ratioDominante":0.227}]
S02-B contraste {"entrada":18.55,"dominante":18.69,"cierre-frase":18.85,"cta":18.96,"descriptor":19.23,"logo":19.74} gaps [{"entre":"entrada→dominante","px":25,"ratioDominante":0.227},{"entre":"dominante→cierre","px":25,"ratioDominante":0.227}]
S02-C contraste {"entrada":18.55,"dominante":18.69,"cierre-frase":18.85,"cta":18.96,"descriptor":19.23,"logo":19.74} gaps [{"entre":"entrada→dominante","px":25,"ratioDominante":0.227},{"entre":"dominante→cierre","px":25,"ratioDominante":0.227}]
S02-D contraste {"entrada":18.55,"dominante":18.69,"cierre-frase":18.85,"cta":14.89,"cta_superficie_vs_escena":18.96,"descriptor":19.23,"logo":19.74} gaps [{"entre":"entrada→dominante","px":25,"ratioDominante":0.227},{"entre":"dominante→cierre","px":25,"ratioDominante":0.227}]
S02-E contraste {"entrada":18.55,"dominante":18.69,"cierre-frase":18.85,"cta":14.56,"descriptor":19.13,"logo":19.74} gaps [{"entre":"entrada→dominante","px":25,"ratioDominante":0.227},{"entre":"dominante→cierre","px":25,"ratioDominante":0.227}]
S04-A contraste {"entrada":18.46,"dominante":18.61,"cierre-frase":18.87,"cta":19.01,"descriptor":19.18,"logo":20.36} gaps [{"entre":"entrada→dominante","px":25,"ratioDominante":0.227},{"entre":"dominante→cierre","px":25,"ratioDominante":0.227}]
S04-B contraste {"entrada":18.46,"dominante":18.61,"cierre-frase":18.87,"cta":19.01,"descriptor":19.18,"logo":20.36} gaps [{"entre":"entrada→dominante","px":25,"ratioDominante":0.227},{"entre":"dominante→cierre","px":25,"ratioDominante":0.227}]
S04-C contraste {"entrada":18.46,"dominante":18.61,"cierre-frase":18.87,"cta":19.01,"descriptor":19.18,"logo":20.36} gaps [{"entre":"entrada→dominante","px":25,"ratioDominante":0.227},{"entre":"dominante→cierre","px":25,"ratioDominante":0.227}]
S04-D contraste {"entrada":18.46,"dominante":18.61,"cierre-frase":18.87,"cta":14.89,"cta_superficie_vs_escena":19.01,"descriptor":19.18,"logo":20.36} gaps [{"entre":"entrada→dominante","px":25,"ratioDominante":0.227},{"entre":"dominante→cierre","px":25,"ratioDominante":0.227}]
S04-E contraste {"entrada":18.45,"dominante":18.61,"cierre-frase":18.87,"cta":14.6,"descriptor":19.16,"logo":20.36} gaps [{"entre":"entrada→dominante","px":25,"ratioDominante":0.227},{"entre":"dominante→cierre","px":25,"ratioDominante":0.227}]
S08-A contraste {"entrada":19.26,"dominante":19.03,"cierre-frase":19.03,"cta":19.01,"descriptor":19.01,"logo":16.94} gaps [{"entre":"entrada→dominante","px":25,"ratioDominante":0.227},{"entre":"dominante→cierre","px":25,"ratioDominante":0.227}]
S08-B contraste {"entrada":19.26,"dominante":19.03,"cierre-frase":19.03,"cta":19.01,"descriptor":19.01,"logo":16.94} gaps [{"entre":"entrada→dominante","px":25,"ratioDominante":0.227},{"entre":"dominante→cierre","px":25,"ratioDominante":0.227}]
S08-C contraste {"entrada":19.26,"dominante":19.03,"cierre-frase":19.03,"cta":19.01,"descriptor":19.01,"logo":16.94} gaps [{"entre":"entrada→dominante","px":25,"ratioDominante":0.227},{"entre":"dominante→cierre","px":25,"ratioDominante":0.227}]
S08-D contraste {"entrada":19.26,"dominante":19.03,"cierre-frase":19.03,"cta":14.89,"cta_superficie_vs_escena":19.01,"descriptor":19.01,"logo":16.94} gaps [{"entre":"entrada→dominante","px":25,"ratioDominante":0.227},{"entre":"dominante→cierre","px":25,"ratioDominante":0.227}]
S08-E contraste {"entrada":19.26,"dominante":19.03,"cierre-frase":19.03,"cta":14.6,"descriptor":19.01,"logo":16.94} gaps [{"entre":"entrada→dominante","px":25,"ratioDominante":0.227},{"entre":"dominante→cierre","px":25,"ratioDominante":0.227}]
S07-A contraste {"entrada":18.74,"dominante":18.48,"cierre-frase":18.51,"cta":18.78,"descriptor":19.07,"logo":18.83} gaps [{"entre":"entrada→dominante","px":25,"ratioDominante":0.227},{"entre":"dominante→cierre","px":25,"ratioDominante":0.227}]
S07-B contraste {"entrada":18.74,"dominante":18.48,"cierre-frase":18.51,"cta":18.78,"descriptor":19.07,"logo":18.83} gaps [{"entre":"entrada→dominante","px":25,"ratioDominante":0.227},{"entre":"dominante→cierre","px":25,"ratioDominante":0.227}]
S07-C contraste {"entrada":18.74,"dominante":18.48,"cierre-frase":18.51,"cta":18.78,"descriptor":19.07,"logo":18.83} gaps [{"entre":"entrada→dominante","px":25,"ratioDominante":0.227},{"entre":"dominante→cierre","px":25,"ratioDominante":0.227}]
S07-D contraste {"entrada":18.74,"dominante":18.48,"cierre-frase":18.51,"cta":14.89,"cta_superficie_vs_escena":18.78,"descriptor":19.07,"logo":18.83} gaps [{"entre":"entrada→dominante","px":25,"ratioDominante":0.227},{"entre":"dominante→cierre","px":25,"ratioDominante":0.227}]
S07-E contraste {"entrada":18.65,"dominante":18.46,"cierre-frase":18.5,"cta":14.42,"descriptor":19.03,"logo":18.83} gaps [{"entre":"entrada→dominante","px":25,"ratioDominante":0.227},{"entre":"dominante→cierre","px":25,"ratioDominante":0.227}]
