=== KV-01 (KV-01-permisos-los-firmas-tu) ===

> vuexy-mui-nextjs-admin-template@5.0.1 ai:image /Users/jreye/Documents/greenhouse-eo
> tsx --require ./scripts/lib/server-only-shim.cjs scripts/ai/generate-image.ts --model gpt-image-2.5-sunburst --quality high --size 1152x1440 --image ai-generations/2026-09-17_sprocket-3d/final/efeonce-sprocket-hubspot-3d-02-tres-cuartos-izquierda-1x1-1600x1600-v01-transparente.png --prompt-file ai-generations/2026-09-22_cmp002-hubspot/prompts/KV-01.txt --out ai-generations/2026-09-22_cmp002-hubspot/out/KV-01-permisos-los-firmas-tu-plate.png

  $ costo estimado ≈ USD 0.050 (1 × 1669 tokens de salida × USD 30/1M; la entrada suma aparte)
→ ./ai-generations/2026-09-22_cmp002-hubspot/out/KV-01-permisos-los-firmas-tu-plate.png (edit) …
  ✓ 1712KB · gpt-image-2.5-sunburst · 1152x1440 · high
    usage: in 2918 (img 1521 · txt 1397) · out 1669 · total 4587
done
KV-01 exit=0
=== KV-02 (KV-02-preguntan-otra-cosa) ===

> vuexy-mui-nextjs-admin-template@5.0.1 ai:image /Users/jreye/Documents/greenhouse-eo
> tsx --require ./scripts/lib/server-only-shim.cjs scripts/ai/generate-image.ts --model gpt-image-2.5-sunburst --quality high --size 1152x1440 --image ai-generations/2026-09-17_sprocket-3d/final/efeonce-sprocket-hubspot-3d-01-frente-heroe-1x1-1600x1600-v01-transparente.png --prompt-file ai-generations/2026-09-22_cmp002-hubspot/prompts/KV-02.txt --out ai-generations/2026-09-22_cmp002-hubspot/out/KV-02-preguntan-otra-cosa-plate.png

  $ costo estimado ≈ USD 0.050 (1 × 1669 tokens de salida × USD 30/1M; la entrada suma aparte)
→ ./ai-generations/2026-09-22_cmp002-hubspot/out/KV-02-preguntan-otra-cosa-plate.png (edit) …
  ✓ 2005KB · gpt-image-2.5-sunburst · 1152x1440 · high
    usage: in 2755 (img 1521 · txt 1234) · out 1669 · total 4424
done
KV-02 exit=0
=== KV-03 (KV-03-cuando-no-conviene) ===

> vuexy-mui-nextjs-admin-template@5.0.1 ai:image /Users/jreye/Documents/greenhouse-eo
> tsx --require ./scripts/lib/server-only-shim.cjs scripts/ai/generate-image.ts --model gpt-image-2.5-sunburst --quality high --size 1152x1440 --image ai-generations/2026-09-17_sprocket-3d/final/efeonce-sprocket-hubspot-3d-05-cenital-plano-1x1-1600x1600-v01-transparente.png --prompt-file ai-generations/2026-09-22_cmp002-hubspot/prompts/KV-03.txt --out ai-generations/2026-09-22_cmp002-hubspot/out/KV-03-cuando-no-conviene-plate.png

  $ costo estimado ≈ USD 0.050 (1 × 1669 tokens de salida × USD 30/1M; la entrada suma aparte)
→ ./ai-generations/2026-09-22_cmp002-hubspot/out/KV-03-cuando-no-conviene-plate.png (edit) …
  ✓ 2195KB · gpt-image-2.5-sunburst · 1152x1440 · high
    usage: in 2745 (img 1521 · txt 1224) · out 1669 · total 4414
done
KV-03 exit=0
=== KV-04 (KV-04-el-criterio-no) ===

> vuexy-mui-nextjs-admin-template@5.0.1 ai:image /Users/jreye/Documents/greenhouse-eo
> tsx --require ./scripts/lib/server-only-shim.cjs scripts/ai/generate-image.ts --model gpt-image-2.5-sunburst --quality high --size 1152x1440 --image ai-generations/2026-09-17_sprocket-3d/final/efeonce-sprocket-hubspot-3d-03-lateral-pronunciado-1x1-1600x1600-v01-transparente.png --prompt-file ai-generations/2026-09-22_cmp002-hubspot/prompts/KV-04.txt --out ai-generations/2026-09-22_cmp002-hubspot/out/KV-04-el-criterio-no-plate.png

  $ costo estimado ≈ USD 0.050 (1 × 1669 tokens de salida × USD 30/1M; la entrada suma aparte)
→ ./ai-generations/2026-09-22_cmp002-hubspot/out/KV-04-el-criterio-no-plate.png (edit) …
  ✓ 1875KB · gpt-image-2.5-sunburst · 1152x1440 · high
    usage: in 2784 (img 1521 · txt 1263) · out 1669 · total 4453
done
KV-04 exit=0
=== KV-05 (KV-05-operas-como-starter) ===

> vuexy-mui-nextjs-admin-template@5.0.1 ai:image /Users/jreye/Documents/greenhouse-eo
> tsx --require ./scripts/lib/server-only-shim.cjs scripts/ai/generate-image.ts --model gpt-image-2.5-sunburst --quality high --size 1152x1440 --image ai-generations/2026-09-17_sprocket-3d/final/efeonce-sprocket-hubspot-3d-01-frente-heroe-1x1-1600x1600-v01-transparente.png --prompt-file ai-generations/2026-09-22_cmp002-hubspot/prompts/KV-05.txt --out ai-generations/2026-09-22_cmp002-hubspot/out/KV-05-operas-como-starter-plate.png

  $ costo estimado ≈ USD 0.050 (1 × 1669 tokens de salida × USD 30/1M; la entrada suma aparte)
→ ./ai-generations/2026-09-22_cmp002-hubspot/out/KV-05-operas-como-starter-plate.png (edit) …
  ✓ 1684KB · gpt-image-2.5-sunburst · 1152x1440 · high
    usage: in 2788 (img 1521 · txt 1267) · out 1669 · total 4457
done
KV-05 exit=0
=== KV-06 (KV-06-y-en-el-resultado) ===

> vuexy-mui-nextjs-admin-template@5.0.1 ai:image /Users/jreye/Documents/greenhouse-eo
> tsx --require ./scripts/lib/server-only-shim.cjs scripts/ai/generate-image.ts --model gpt-image-2.5-sunburst --quality high --size 1152x1440 --image ai-generations/2026-09-17_sprocket-3d/final/efeonce-sprocket-hubspot-3d-07-rodando-sobre-canto-1x1-1600x1600-v01-transparente.png --prompt-file ai-generations/2026-09-22_cmp002-hubspot/prompts/KV-06.txt --out ai-generations/2026-09-22_cmp002-hubspot/out/KV-06-y-en-el-resultado-plate.png

  $ costo estimado ≈ USD 0.050 (1 × 1669 tokens de salida × USD 30/1M; la entrada suma aparte)
→ ./ai-generations/2026-09-22_cmp002-hubspot/out/KV-06-y-en-el-resultado-plate.png (edit) …
  ✓ 2009KB · gpt-image-2.5-sunburst · 1152x1440 · high
    usage: in 2690 (img 1521 · txt 1169) · out 1669 · total 4359
done
KV-06 exit=0
=== KV-07 (KV-07-su-criterio-si) ===

> vuexy-mui-nextjs-admin-template@5.0.1 ai:image /Users/jreye/Documents/greenhouse-eo
> tsx --require ./scripts/lib/server-only-shim.cjs scripts/ai/generate-image.ts --model gpt-image-2.5-sunburst --quality high --size 1152x1440 --image ai-generations/2026-09-17_sprocket-3d/final/efeonce-sprocket-hubspot-3d-02-tres-cuartos-izquierda-1x1-1600x1600-v01-transparente.png --prompt-file ai-generations/2026-09-22_cmp002-hubspot/prompts/KV-07.txt --out ai-generations/2026-09-22_cmp002-hubspot/out/KV-07-su-criterio-si-plate.png

  $ costo estimado ≈ USD 0.050 (1 × 1669 tokens de salida × USD 30/1M; la entrada suma aparte)
→ ./ai-generations/2026-09-22_cmp002-hubspot/out/KV-07-su-criterio-si-plate.png (edit) …
  ✓ 1638KB · gpt-image-2.5-sunburst · 1152x1440 · high
    usage: in 2940 (img 1521 · txt 1419) · out 1669 · total 4609
done
KV-07 exit=0
TERMINADO
