=== KV-01 (KV-01-permisos-v02) ===

> vuexy-mui-nextjs-admin-template@5.0.1 ai:image /Users/jreye/Documents/greenhouse-eo
> tsx --require ./scripts/lib/server-only-shim.cjs scripts/ai/generate-image.ts --model gpt-image-2.5-sunburst --quality high --size 1152x1440 --image ai-generations/_identidad-nexa/2-angulos/nexa-45-izq.png --image ai-generations/_identidad-nexa/1-anclas/nexa-ancla-2-rostro-tresquartos.png --image ai-generations/_identidad-nexa/1-anclas/nexa-ancla-5-cuerpo-frontal.png --image ai-generations/2026-09-17_polo-efeonce/final/efeonce-polo-navy-15-puesto-frente-cuerpo-b-1200x1600-v01-fondo-estudio.png --image ai-generations/2026-09-17_sprocket-3d/final/efeonce-sprocket-hubspot-3d-02-tres-cuartos-izquierda-1x1-1600x1600-v01-transparente.png --prompt-file ai-generations/2026-09-22_cmp002-hubspot/prompts-v02/KV-01.txt --out ai-generations/2026-09-22_cmp002-hubspot/out-v02/KV-01-permisos-v02-plate.png

  $ costo estimado ≈ USD 0.050 (1 × 1669 tokens de salida × USD 30/1M; la entrada suma aparte)
→ ./ai-generations/2026-09-22_cmp002-hubspot/out-v02/KV-01-permisos-v02-plate.png (edit) …
  ✓ 2098KB · gpt-image-2.5-sunburst · 1152x1440 · high
    usage: in 9028 (img 7038 · txt 1990) · out 1669 · total 10697
done
KV-01 exit=0
=== KV-02 (KV-02-faq-v02) ===

> vuexy-mui-nextjs-admin-template@5.0.1 ai:image /Users/jreye/Documents/greenhouse-eo
> tsx --require ./scripts/lib/server-only-shim.cjs scripts/ai/generate-image.ts --model gpt-image-2.5-sunburst --quality high --size 1152x1440 --image ai-generations/_identidad-nexa/2-angulos/nexa-45-der.png --image ai-generations/_identidad-nexa/1-anclas/nexa-ancla-2-rostro-tresquartos.png --image ai-generations/_identidad-nexa/1-anclas/nexa-ancla-5-cuerpo-frontal.png --image ai-generations/2026-09-17_polo-efeonce/final/efeonce-polo-navy-15-puesto-frente-cuerpo-b-1200x1600-v01-fondo-estudio.png --image ai-generations/2026-09-17_sprocket-3d/final/efeonce-sprocket-hubspot-3d-01-frente-heroe-1x1-1600x1600-v01-transparente.png --prompt-file ai-generations/2026-09-22_cmp002-hubspot/prompts-v02/KV-02.txt --out ai-generations/2026-09-22_cmp002-hubspot/out-v02/KV-02-faq-v02-plate.png

  $ costo estimado ≈ USD 0.050 (1 × 1669 tokens de salida × USD 30/1M; la entrada suma aparte)
→ ./ai-generations/2026-09-22_cmp002-hubspot/out-v02/KV-02-faq-v02-plate.png (edit) …
  ✓ 2012KB · gpt-image-2.5-sunburst · 1152x1440 · high
    usage: in 8948 (img 7038 · txt 1910) · out 1669 · total 10617
done
KV-02 exit=0
=== KV-03 (KV-03-cuando-no-v02) ===

> vuexy-mui-nextjs-admin-template@5.0.1 ai:image /Users/jreye/Documents/greenhouse-eo
> tsx --require ./scripts/lib/server-only-shim.cjs scripts/ai/generate-image.ts --model gpt-image-2.5-sunburst --quality high --size 1152x1440 --image ai-generations/_identidad-nexa/2-angulos/nexa-45-izq.png --image ai-generations/_identidad-nexa/1-anclas/nexa-ancla-2-rostro-tresquartos.png --image ai-generations/_identidad-nexa/1-anclas/nexa-ancla-5-cuerpo-frontal.png --image ai-generations/2026-09-17_polo-efeonce/final/efeonce-polo-navy-15-puesto-frente-cuerpo-b-1200x1600-v01-fondo-estudio.png --image ai-generations/2026-09-17_sprocket-3d/final/efeonce-sprocket-hubspot-3d-05-cenital-plano-1x1-1600x1600-v01-transparente.png --prompt-file ai-generations/2026-09-22_cmp002-hubspot/prompts-v02/KV-03.txt --out ai-generations/2026-09-22_cmp002-hubspot/out-v02/KV-03-cuando-no-v02-plate.png

  $ costo estimado ≈ USD 0.050 (1 × 1669 tokens de salida × USD 30/1M; la entrada suma aparte)
→ ./ai-generations/2026-09-22_cmp002-hubspot/out-v02/KV-03-cuando-no-v02-plate.png (edit) …
  ✓ 2007KB · gpt-image-2.5-sunburst · 1152x1440 · high
    usage: in 9012 (img 7038 · txt 1974) · out 1669 · total 10681
done
KV-03 exit=0
=== KV-04 (KV-04-criterio-v02) ===

> vuexy-mui-nextjs-admin-template@5.0.1 ai:image /Users/jreye/Documents/greenhouse-eo
> tsx --require ./scripts/lib/server-only-shim.cjs scripts/ai/generate-image.ts --model gpt-image-2.5-sunburst --quality high --size 1152x1440 --image ai-generations/_identidad-nexa/1-anclas/nexa-ancla-4-busto-tresquartos.png --image ai-generations/_identidad-nexa/1-anclas/nexa-ancla-2-rostro-tresquartos.png --image ai-generations/_identidad-nexa/1-anclas/nexa-ancla-5-cuerpo-frontal.png --image ai-generations/2026-09-17_polo-efeonce/final/efeonce-polo-navy-15-puesto-frente-cuerpo-b-1200x1600-v01-fondo-estudio.png --image ai-generations/2026-09-17_sprocket-3d/final/efeonce-sprocket-hubspot-3d-03-lateral-pronunciado-1x1-1600x1600-v01-transparente.png --prompt-file ai-generations/2026-09-22_cmp002-hubspot/prompts-v02/KV-04.txt --out ai-generations/2026-09-22_cmp002-hubspot/out-v02/KV-04-criterio-v02-plate.png

  $ costo estimado ≈ USD 0.050 (1 × 1669 tokens de salida × USD 30/1M; la entrada suma aparte)
→ ./ai-generations/2026-09-22_cmp002-hubspot/out-v02/KV-04-criterio-v02-plate.png (edit) …
  ✓ 2001KB · gpt-image-2.5-sunburst · 1152x1440 · high
    usage: in 9464 (img 7519 · txt 1945) · out 1669 · total 11133
done
KV-04 exit=0
=== KV-06 (KV-06-resultado-v02) ===

> vuexy-mui-nextjs-admin-template@5.0.1 ai:image /Users/jreye/Documents/greenhouse-eo
> tsx --require ./scripts/lib/server-only-shim.cjs scripts/ai/generate-image.ts --model gpt-image-2.5-sunburst --quality high --size 1152x1440 --image ai-generations/_identidad-nexa/2-angulos/nexa-perfil-izq.png --image ai-generations/_identidad-nexa/1-anclas/nexa-ancla-2-rostro-tresquartos.png --image ai-generations/_identidad-nexa/1-anclas/nexa-ancla-5-cuerpo-frontal.png --image ai-generations/2026-09-17_polo-efeonce/final/efeonce-polo-navy-15-puesto-frente-cuerpo-b-1200x1600-v01-fondo-estudio.png --image ai-generations/2026-09-17_sprocket-3d/final/efeonce-sprocket-hubspot-3d-07-rodando-sobre-canto-1x1-1600x1600-v01-transparente.png --prompt-file ai-generations/2026-09-22_cmp002-hubspot/prompts-v02/KV-06.txt --out ai-generations/2026-09-22_cmp002-hubspot/out-v02/KV-06-resultado-v02-plate.png

  $ costo estimado ≈ USD 0.050 (1 × 1669 tokens de salida × USD 30/1M; la entrada suma aparte)
→ ./ai-generations/2026-09-22_cmp002-hubspot/out-v02/KV-06-resultado-v02-plate.png (edit) …
  ✓ 2034KB · gpt-image-2.5-sunburst · 1152x1440 · high
    usage: in 8896 (img 7038 · txt 1858) · out 1669 · total 10565
done
KV-06 exit=0
=== KV-07 (KV-07-criterio-si-v02) ===

> vuexy-mui-nextjs-admin-template@5.0.1 ai:image /Users/jreye/Documents/greenhouse-eo
> tsx --require ./scripts/lib/server-only-shim.cjs scripts/ai/generate-image.ts --model gpt-image-2.5-sunburst --quality high --size 1152x1440 --image ai-generations/_identidad-nexa/1-anclas/nexa-ancla-8-manos.png --image ai-generations/_identidad-nexa/1-anclas/nexa-ancla-2-rostro-tresquartos.png --image ai-generations/_identidad-nexa/1-anclas/nexa-ancla-5-cuerpo-frontal.png --image ai-generations/2026-09-17_polo-efeonce/final/efeonce-polo-navy-15-puesto-frente-cuerpo-b-1200x1600-v01-fondo-estudio.png --image ai-generations/2026-09-17_sprocket-3d/final/efeonce-sprocket-hubspot-3d-01-frente-heroe-1x1-1600x1600-v01-transparente.png --prompt-file ai-generations/2026-09-22_cmp002-hubspot/prompts-v02/KV-07.txt --out ai-generations/2026-09-22_cmp002-hubspot/out-v02/KV-07-criterio-si-v02-plate.png

  $ costo estimado ≈ USD 0.050 (1 × 1669 tokens de salida × USD 30/1M; la entrada suma aparte)
→ ./ai-generations/2026-09-22_cmp002-hubspot/out-v02/KV-07-criterio-si-v02-plate.png (edit) …
  ✓ 1895KB · gpt-image-2.5-sunburst · 1152x1440 · high
    usage: in 9618 (img 7519 · txt 2099) · out 1669 · total 11287
done
KV-07 exit=0
TERMINADO
