=== KV-05 ===

> vuexy-mui-nextjs-admin-template@5.0.1 ai:image /Users/jreye/Documents/greenhouse-eo
> tsx --require ./scripts/lib/server-only-shim.cjs scripts/ai/generate-image.ts --model gpt-image-2.5-sunburst --quality high --size 1152x1440 --image ai-generations/2026-09-17_sprocket-3d/final/efeonce-sprocket-hubspot-3d-03-lateral-pronunciado-1x1-1600x1600-v01-transparente.png --prompt-file ai-generations/2026-09-22_cmp002-hubspot/prompts-v04/KV-05.txt --out ai-generations/2026-09-22_cmp002-hubspot/out-v04/KV-05-consola-v04-plate.png

  $ costo estimado ≈ USD 0.050 (1 × 1669 tokens de salida × USD 30/1M; la entrada suma aparte)
→ ./ai-generations/2026-09-22_cmp002-hubspot/out-v04/KV-05-consola-v04-plate.png (edit) …
  ✓ 1904KB · gpt-image-2.5-sunburst · 1152x1440 · high
    usage: in 2860 (img 1521 · txt 1339) · out 1669 · total 4529
done
=== KV-01 ===

> vuexy-mui-nextjs-admin-template@5.0.1 ai:image /Users/jreye/Documents/greenhouse-eo
> tsx --require ./scripts/lib/server-only-shim.cjs scripts/ai/generate-image.ts --model gpt-image-2.5-sunburst --quality high --size 1152x1440 --image ai-generations/_identidad-nexa/2-angulos/nexa-45-izq.png --image ai-generations/_identidad-nexa/1-anclas/nexa-ancla-2-rostro-tresquartos.png --image ai-generations/_identidad-nexa/1-anclas/nexa-ancla-5-cuerpo-frontal.png --image ai-generations/2026-09-17_polo-efeonce/final/efeonce-polo-navy-15-puesto-frente-cuerpo-b-1200x1600-v01-fondo-estudio.png --image ai-generations/2026-09-17_sprocket-3d/final/efeonce-sprocket-hubspot-3d-02-tres-cuartos-izquierda-1x1-1600x1600-v01-transparente.png --prompt-file ai-generations/2026-09-22_cmp002-hubspot/prompts-v04/KV-01.txt --out ai-generations/2026-09-22_cmp002-hubspot/out-v04/KV-01-permisos-v04-plate.png

  $ costo estimado ≈ USD 0.050 (1 × 1669 tokens de salida × USD 30/1M; la entrada suma aparte)
→ ./ai-generations/2026-09-22_cmp002-hubspot/out-v04/KV-01-permisos-v04-plate.png (edit) …
  ✓ 2118KB · gpt-image-2.5-sunburst · 1152x1440 · high
    usage: in 9022 (img 7038 · txt 1984) · out 1669 · total 10691
done
=== KV-04 ===

> vuexy-mui-nextjs-admin-template@5.0.1 ai:image /Users/jreye/Documents/greenhouse-eo
> tsx --require ./scripts/lib/server-only-shim.cjs scripts/ai/generate-image.ts --model gpt-image-2.5-sunburst --quality high --size 1152x1440 --image ai-generations/_identidad-nexa/1-anclas/nexa-ancla-4-busto-tresquartos.png --image ai-generations/_identidad-nexa/1-anclas/nexa-ancla-2-rostro-tresquartos.png --image ai-generations/_identidad-nexa/1-anclas/nexa-ancla-5-cuerpo-frontal.png --image ai-generations/2026-09-17_polo-efeonce/final/efeonce-polo-navy-15-puesto-frente-cuerpo-b-1200x1600-v01-fondo-estudio.png --image ai-generations/2026-09-17_sprocket-3d/final/efeonce-sprocket-hubspot-3d-03-lateral-pronunciado-1x1-1600x1600-v01-transparente.png --prompt-file ai-generations/2026-09-22_cmp002-hubspot/prompts-v04/KV-04.txt --out ai-generations/2026-09-22_cmp002-hubspot/out-v04/KV-04-criterio-v04-plate.png

  $ costo estimado ≈ USD 0.050 (1 × 1669 tokens de salida × USD 30/1M; la entrada suma aparte)
→ ./ai-generations/2026-09-22_cmp002-hubspot/out-v04/KV-04-criterio-v04-plate.png (edit) …
  ✓ 1945KB · gpt-image-2.5-sunburst · 1152x1440 · high
    usage: in 9372 (img 7519 · txt 1853) · out 1669 · total 11041
done
=== KV-07 ===

> vuexy-mui-nextjs-admin-template@5.0.1 ai:image /Users/jreye/Documents/greenhouse-eo
> tsx --require ./scripts/lib/server-only-shim.cjs scripts/ai/generate-image.ts --model gpt-image-2.5-sunburst --quality high --size 1152x1440 --image ai-generations/_identidad-nexa/1-anclas/nexa-ancla-6-cuerpo-tresquartos.png --image ai-generations/_identidad-nexa/1-anclas/nexa-ancla-2-rostro-tresquartos.png --image ai-generations/_identidad-nexa/1-anclas/nexa-ancla-5-cuerpo-frontal.png --image ai-generations/2026-09-17_polo-efeonce/final/efeonce-polo-navy-15-puesto-frente-cuerpo-b-1200x1600-v01-fondo-estudio.png --image ai-generations/2026-09-17_sprocket-3d/final/efeonce-sprocket-hubspot-3d-02-tres-cuartos-izquierda-1x1-1600x1600-v01-transparente.png --prompt-file ai-generations/2026-09-22_cmp002-hubspot/prompts-v04/KV-07.txt --out ai-generations/2026-09-22_cmp002-hubspot/out-v04/KV-07-criterio-si-v04-plate.png

  $ costo estimado ≈ USD 0.050 (1 × 1669 tokens de salida × USD 30/1M; la entrada suma aparte)
→ ./ai-generations/2026-09-22_cmp002-hubspot/out-v04/KV-07-criterio-si-v04-plate.png (edit) …
  ✓ 2076KB · gpt-image-2.5-sunburst · 1152x1440 · high
    usage: in 9437 (img 7550 · txt 1887) · out 1669 · total 11106
done
TERMINADO
