{
    "streams": [
        {
            "index": 0,
            "codec_name": "h264",
            "codec_long_name": "H.264 / AVC / MPEG-4 AVC / MPEG-4 part 10",
            "profile": "High",
            "codec_type": "video",
            "codec_tag_string": "avc1",
            "codec_tag": "0x31637661",
            "mime_codec_string": "avc1.64001f",
            "width": 720,
            "height": 1280,
            "coded_width": 720,
            "coded_height": 1280,
            "has_b_frames": 2,
            "sample_aspect_ratio": "1:1",
            "display_aspect_ratio": "9:16",
            "pix_fmt": "yuv420p",
            "level": 31,
            "chroma_location": "left",
            "field_order": "progressive",
            "is_avc": "true",
            "nal_length_size": "4",
            "id": "0x1",
            "r_frame_rate": "24/1",
            "avg_frame_rate": "24/1",
            "time_base": "1/12288",
            "start_pts": 0,
            "start_time": "0.000000",
            "duration_ts": 369152,
            "duration": "30.041667",
            "bit_rate": "5677594",
            "bits_per_raw_sample": "8",
            "nb_frames": "721",
            "extradata_size": 45,
            "disposition": {
                "default": 1,
                "dub": 0,
                "original": 0,
                "comment": 0,
                "lyrics": 0,
                "karaoke": 0,
                "forced": 0,
                "hearing_impaired": 0,
                "visual_impaired": 0,
                "clean_effects": 0,
                "attached_pic": 0,
                "timed_thumbnails": 0,
                "non_diegetic": 0,
                "captions": 0,
                "descriptions": 0,
                "metadata": 0,
                "dependent": 0,
                "still_image": 0,
                "multilayer": 0
            },
            "tags": {
                "language": "und",
                "handler_name": "VideoHandler"
            }
        },
        {
            "index": 1,
            "codec_name": "aac",
            "codec_long_name": "AAC (Advanced Audio Coding)",
            "profile": "LC",
            "codec_type": "audio",
            "codec_tag_string": "mp4a",
            "codec_tag": "0x6134706d",
            "mime_codec_string": "mp4a.40.2",
            "sample_fmt": "fltp",
            "sample_rate": "44100",
            "channels": 2,
            "channel_layout": "stereo",
            "bits_per_sample": 0,
            "initial_padding": 0,
            "id": "0x2",
            "r_frame_rate": "0/0",
            "avg_frame_rate": "0/0",
            "time_base": "1/44100",
            "start_pts": 0,
            "start_time": "0.000000",
            "duration_ts": 1327101,
            "duration": "30.092993",
            "bit_rate": "192574",
            "nb_frames": "1297",
            "extradata_size": 5,
            "disposition": {
                "default": 1,
                "dub": 0,
                "original": 0,
                "comment": 0,
                "lyrics": 0,
                "karaoke": 0,
                "forced": 0,
                "hearing_impaired": 0,
                "visual_impaired": 0,
                "clean_effects": 0,
                "attached_pic": 0,
                "timed_thumbnails": 0,
                "non_diegetic": 0,
                "captions": 0,
                "descriptions": 0,
                "metadata": 0,
                "dependent": 0,
                "still_image": 0,
                "multilayer": 0
            },
            "tags": {
                "language": "und",
                "handler_name": "SoundHandler"
            }
        }
    ],
    "format": {
        "filename": "/Users/jreye/Documents/greenhouse-eo/ai-generations/2026-09-23_cmp003-sky-video/seedance/v5/sky-v5-three-cameras-30s-916-720p.mp4",
        "nb_streams": 2,
        "nb_programs": 0,
        "nb_stream_groups": 0,
        "format_name": "mov,mp4,m4a,3gp,3g2,mj2",
        "format_long_name": "QuickTime / MOV",
        "start_time": "0.000000",
        "duration": "30.092993",
        "size": "22069201",
        "bit_rate": "5866934",
        "probe_score": 100,
        "tags": {
            "major_brand": "isom",
            "minor_version": "512",
            "compatible_brands": "isomiso2avc1mp41"
        }
    }
}

-1.7  -1.8 dBFS
[Parsed_ebur128_0 @ 0x7778c41b00] t: 29.999977  TARGET:-23 LUFS    M: -45.9 S: -31.4     I: -18.8 LUFS       LRA:   9.6 LU  FTPK: -39.2 -41.5 dBFS  TPK:  -1.7  -1.8 dBFS
[Parsed_ebur128_0 @ 0x7778c41b00] Summary:

  Integrated loudness:
    I:         -18.8 LUFS
    Threshold: -30.0 LUFS

  Loudness range:
    LRA:         9.6 LU
    Threshold: -39.6 LUFS
    LRA low:   -26.2 LUFS
    LRA high:  -16.6 LUFS

  True peak:
    Peak:       -1.7 dBFS
[out#0/null @ 0x7778c40300] video:299KiB audio:5184KiB subtitle:0KiB other streams:0KiB global headers:0KiB muxing overhead: unknown
frame=  721 fps=0.0 q=-0.0 Lsize=N/A time=00:00:30.04 bitrate=N/A speed=89.6x elapsed=0:00:00.33    

