
> vuexy-mui-nextjs-admin-template@5.0.1 ai:fal /Users/jreye/Documents/greenhouse-eo
> tsx --require ./scripts/lib/server-only-shim.cjs scripts/ai/fal-image.ts --capability seedance25-r2v --prompt-file /Users/jreye/Documents/greenhouse-eo/ai-generations/2026-09-23_cmp003-sky-video/seedance/v6/sky-v6.prompt.txt --duration 30 --resolution 720p --aspect 9:16 --bitrate high --no-audio --max-usd 15 --fal-account FAL_API_KEY_B --video /Users/jreye/Documents/greenhouse-eo/ai-generations/2026-09-23_cmp003-sky-video/seedance/v6/refs/minimax-ui-camera-motion-only.mp4 --image /Users/jreye/Documents/greenhouse-eo/ai-generations/2026-09-23_cmp003-sky-video/cielo/C1-b.png --image /Users/jreye/Documents/greenhouse-eo/ai-generations/2026-09-23_cmp003-sky-video/seedance/v5/refs/01-search-empty.png --image /Users/jreye/Documents/greenhouse-eo/ai-generations/2026-09-23_cmp003-sky-video/seedance/v5/refs/02-search-question.png --image /Users/jreye/Documents/greenhouse-eo/ai-generations/2026-09-23_cmp003-sky-video/seedance/v5/refs/03-results.png --image /Users/jreye/Documents/greenhouse-eo/ai-generations/2026-09-23_cmp003-sky-video/seedance/v6/refs/camera-A-user-alone.png --image /Users/jreye/Documents/greenhouse-eo/ai-generations/2026-09-23_cmp003-sky-video/seedance/v5/refs/05-answer-citation.png --image /Users/jreye/Documents/greenhouse-eo/ai-generations/2026-09-23_cmp003-sky-video/seedance/v5/refs/06-chip-glow.png --image /Users/jreye/Documents/greenhouse-eo/ai-generations/2026-09-23_cmp003-sky-video/seedance/v5/refs/cam-A-frontal-photo.png --image /Users/jreye/Documents/greenhouse-eo/ai-generations/2026-09-23_cmp003-sky-video/seedance/v5/refs/cam-C-overhead-photo.png --image /Users/jreye/Documents/greenhouse-eo/ai-generations/2026-09-23_cmp003-sky-video/seedance/v6/refs/cam-B-rear-departure.png --image /Users/jreye/Documents/greenhouse-eo/ai-generations/2026-09-23_cmp003-sky-video/seedance/refs/A320neo_CFM_SKY_V02.png --image /Users/jreye/Documents/greenhouse-eo/ai-generations/2026-09-23_cmp003-sky-video/seedance/refs/A320neo_CFM_SKY_V10.png --image /Users/jreye/Documents/greenhouse-eo/ai-generations/2026-09-23_cmp003-sky-video/seedance/refs/A320neo_CFM_SKY_VR.png --image /Users/jreye/Documents/greenhouse-eo/ai-generations/2026-09-23_cmp003-sky-video/seedance/refs/A320neo_CFM_SKY_V16.png --image /Users/jreye/Documents/greenhouse-eo/ai-generations/2026-09-23_cmp003-sky-video/seedance/v5/refs/07-year.png --image /Users/jreye/Documents/greenhouse-eo/ai-generations/2026-09-23_cmp003-sky-video/seedance/v5/refs/08-2000.png --image /Users/jreye/Documents/greenhouse-eo/ai-generations/2026-09-23_cmp003-sky-video/seedance/v5/refs/09-agency.png --image /Users/jreye/Documents/greenhouse-eo/ai-generations/2026-09-23_cmp003-sky-video/seedance/v5/refs/10-thanks.png --image /Users/jreye/Documents/greenhouse-eo/ai-generations/2026-09-23_cmp003-sky-video/seedance/v5/refs/11-close-blue-9x16.png --image /Users/jreye/Documents/greenhouse-eo/ai-generations/2026-09-23_cmp003-sky-video/cierre/cierre-9x16.png --image /Users/jreye/Documents/greenhouse-eo/ai-generations/2026-09-23_cmp003-sky-video/kit/out/piezas/T08-un-ano-creando-con-sky.png --image /Users/jreye/Documents/greenhouse-eo/ai-generations/2026-09-23_cmp003-sky-video/kit/out/piezas/T09-mas-2000-piezas.png --image /Users/jreye/Documents/greenhouse-eo/ai-generations/2026-09-23_cmp003-sky-video/kit/out/piezas/T10a-y-ahora-nos-eligio-como.png --image /Users/jreye/Documents/greenhouse-eo/ai-generations/2026-09-23_cmp003-sky-video/kit/out/piezas/T10b-su-agencia-seo-aeo.png --image /Users/jreye/Documents/greenhouse-eo/ai-generations/2026-09-23_cmp003-sky-video/kit/out/piezas/T11-gracias-sky.png --image /Users/jreye/Documents/greenhouse-eo/ai-generations/2026-09-23_cmp003-sky-video/kit/out/piezas/L01-logo-efeonce-negativo.png --image /Users/jreye/Documents/greenhouse-eo/ai-generations/2026-09-23_cmp003-sky-video/kit/out/piezas/L02-logo-sky-blanco.png --image /Users/jreye/Documents/greenhouse-eo/ai-generations/2026-09-23_cmp003-sky-video/seedance/v6/refs/camera-B-ui-side.png --image /Users/jreye/Documents/greenhouse-eo/ai-generations/2026-09-23_cmp003-sky-video/seedance/v6/refs/camera-C-results-oblique.png --image /Users/jreye/Documents/greenhouse-eo/ai-generations/2026-09-23_cmp003-sky-video/seedance/v6/refs/camera-C-agency-orbit.png --detach

  ↑ subiendo C1-b.png …
  ↑ subiendo 01-search-empty.png …
  ↑ subiendo 02-search-question.png …
  ↑ subiendo 03-results.png …
  ↑ subiendo camera-A-user-alone.png …
  ↑ subiendo 05-answer-citation.png …
  ↑ subiendo 06-chip-glow.png …
  ↑ subiendo cam-A-frontal-photo.png …
  ↑ subiendo cam-C-overhead-photo.png …
  ↑ subiendo cam-B-rear-departure.png …
  ↑ subiendo A320neo_CFM_SKY_V02.png …
  ↑ subiendo A320neo_CFM_SKY_V10.png …
  ↑ subiendo A320neo_CFM_SKY_VR.png …
  ↑ subiendo A320neo_CFM_SKY_V16.png …
  ↑ subiendo 07-year.png …
  ↑ subiendo 08-2000.png …
  ↑ subiendo 09-agency.png …
  ↑ subiendo 10-thanks.png …
  ↑ subiendo 11-close-blue-9x16.png …
  ↑ subiendo cierre-9x16.png …
  ↑ subiendo T08-un-ano-creando-con-sky.png …
  ↑ subiendo T09-mas-2000-piezas.png …
  ↑ subiendo T10a-y-ahora-nos-eligio-como.png …
  ↑ subiendo T10b-su-agencia-seo-aeo.png …
  ↑ subiendo T11-gracias-sky.png …
  ↑ subiendo L01-logo-efeonce-negativo.png …
  ↑ subiendo L02-logo-sky-blanco.png …
  ↑ subiendo camera-B-ui-side.png …
  ↑ subiendo camera-C-results-oblique.png …
  ↑ subiendo camera-C-agency-orbit.png …
  ↑ subiendo minimax-ui-camera-motion-only.mp4 …
  $ costo estimado ≈ USD 13.87 · 648.000 tokens (720p × 30 s × 24 fps / 1024) × USD 0.0214 por 1.000
→ bytedance/seedance-2.5/reference-to-video · hasta 1800s de espera
  ⋯ encolado · request_id 01a0d110-aa66-7542-b5c0-c257696cf221 · cuenta FAL_API_KEY_B
  desacoplado: el trabajo sigue en fal.
  estado:   pnpm ai:fal --capability seedance25-r2v --request-id 01a0d110-aa66-7542-b5c0-c257696cf221 --status --fal-account FAL_API_KEY_B
  resultado: pnpm ai:fal --capability seedance25-r2v --request-id 01a0d110-aa66-7542-b5c0-c257696cf221 --fal-account FAL_API_KEY_B
